Victor F.: Vamos a realizar una restauracíon del sistema operativo, previo a este proceso debe realizar un respaldo de informacion en un disco externo ya sea USB o CD ya que dicho paso provocará que pierda documentos y archivos. Acer no se hace responsable de perdidas de informacion de nuestros clientes. Usted puede restaurar el sistema operativo en su computadora Acer oprimiendo las teclas Alt y F10 durante el encendido del equipo.

1.Presione el botón de Encender por 5 segundos para apagar por completo el equipo.
2.Presione nuevamente el botón de Encendido para encender el equipo.
3.Presione la teclas Alt y F10 simultáneamente cuando vea el logo de Acer aparecer en la pantalla. Su equipo deberá cargar una pantalla azul que le pide Elegir una opción.
4.Seleccione Solucionar problemas.
5.Haga clic en Restablecer tu PC. Este proceso borrará toda su información personal en el equipo. Escoja Restaurar tu PC si desea restaurar sin perder sus archivos.
6.Haga clic en Siguiente, y luego seleccione Quitar solo mis archivos.
7.Haga clic en Restaurar para comenzar la recuperación.

Le recomiendo dejar el equipo conectado a la corriente ya que este proceso puede demorar. 

Victor F.: Debe dejar presionada ambas teclas inmediatamente encienda el equipo. 
Gracias por contactar a Acer y por haberme permitido asistirle. Le comparto su número de Orden de Servicio 105493MX 
. Si no hay nada más en que pueda asistirle, le recuerdo que al cerrar esta sesión, se abrirá una ventana en donde tendrá la oportunidad de calificar el soporte que le he proporcionado el día de hoy. Muchas Gracias y que tenga un buen día. 
Requiero restaurar la configuracion de arranque a la config default. Fallo la pantalla principal LVDS1. Windows 8.1 se quedo en "secure boot" con "servicios de arranque minimos". Al apagar y prenderla ya no tengo salida de imagen por HDMI al arrancar y no veo nada :C 
